[
  {
    "strategy": "积极操作：每5秒一段",
    "firstSale": 3.1666666666666665,
    "firstAutomation": 82,
    "secondAutomation": 188,
    "firstExpansion": 379,
    "manualTransfers": 39,
    "unattended60SecondsSold": 240
  },
  {
    "strategy": "低频操作：每8秒一段，优先扩容",
    "firstSale": 3.1666666666666665,
    "firstAutomation": 132,
    "secondAutomation": 241,
    "firstExpansion": 428,
    "manualTransfers": 32,
    "unattended60SecondsSold": 240
  },
  {
    "strategy": "非最优：先买爆锅，每6秒一段",
    "firstSale": 3.1666666666666665,
    "firstAutomation": 146,
    "secondAutomation": 254,
    "firstExpansion": 443,
    "manualTransfers": 44,
    "unattended60SecondsSold": 240
  }
]
{
  "fullProgression": {
    "stages": [
      {
        "machine": 0,
        "seconds": 0
      },
      {
        "machine": 1,
        "seconds": 420
      },
      {
        "machine": 2,
        "seconds": 655
      },
      {
        "machine": 3,
        "seconds": 1120
      },
      {
        "machine": 4,
        "seconds": 1900
      },
      {
        "machine": 5,
        "seconds": 2965
      }
    ],
    "finalRate": 96
  }
}
